// Jest Snapshot v1, https://goo.gl/fbAQLP

exports[`App renders correctly 1`] = `
<div>
  <ul>
    <li>
      This is a test
    </li>
    <li>
      This is a second test
    </li>
  </ul>
</div>
`;
