// Jest Snapshot v1, https://goo.gl/fbAQLP

exports[`renders correctly 1`] = `
<div>
  <div
    className="ui orange fade animated bottom attached button"
    onClick={[Function]}
    role="button"
    tabIndex={0}
  >
    <div
      className="visible content"
    >
      snapshot
    </div>
    <div
      className="hidden content"
    >
      Change comment?
    </div>
  </div>
</div>
`;
