// Jest Snapshot v1, https://goo.gl/fbAQLP

exports[`renders correctly 1`] = `
.c1 {
  display: -webkit-box;
  display: -webkit-flex;
  display: -ms-flexbox;
  display: flex;
  position: fixed;
  height: 58px;
  left: 0;
  top: 0;
  -webkit-box-pack: center;
  -webkit-justify-content: center;
  -ms-flex-pack: center;
  justify-content: center;
  width: 100%;
  overflow-y: hidden;
  z-index: 999;
  background-color: #4553F4;
  box-shadow: 0 4px 3px rgba(49,54,68,.3);
}

.c2 {
  -webkit-align-items: center;
  -webkit-box-align: center;
  -ms-flex-align: center;
  align-items: center;
  display: -webkit-box;
  display: -webkit-flex;
  display: -ms-flexbox;
  display: flex;
  height: 100%;
  width: 100%;
  margin-left: 10%;
  margin-right: 10%;
}

.c3 {
  width: 200px;
  border-right: 1px solid hsla(0,0%,93%,.16);
}

.c4 {
  width: 400px;
}

.c4 > * {
  margin-left: 50px;
}

.c6 {
  display: inline-grid;
  grid-template-columns: repeat(3,1fr);
  grid-column-gap: 30px;
  grid-row-gap: 30px;
  margin: 0 auto;
  max-width: 80vw;
}

.c0 {
  display: -webkit-box;
  display: -webkit-flex;
  display: -ms-flexbox;
  display: flex;
  -webkit-flex-direction: column;
  -ms-flex-direction: column;
  flex-direction: column;
  font-family: Roboto,sans-serif;
  color: white;
  min-height: 100vh;
  margin: 0;
  background: #edf1f5;
}

.c5 {
  -webkit-flex: 1;
  -ms-flex: 1;
  flex: 1;
  display: -webkit-box;
  display: -webkit-flex;
  display: -ms-flexbox;
  display: flex;
  -webkit-flex-direction: column;
  -ms-flex-direction: column;
  flex-direction: column;
  -webkit-align-items: center;
  -webkit-box-align: center;
  -ms-flex-align: center;
  align-items: center;
  -webkit-box-pack: center;
  -webkit-justify-content: center;
  -ms-flex-pack: center;
  justify-content: center;
  height: 100%;
  padding: 108px 50px 50px 50px;
}

.c5 > * {
  margin-bottom: 50px;
}

@media (max-width:1330px) {
  .c6 {
    grid-template-columns: repeat(2,1fr);
  }
}

@media (max-width:860px) {
  .c6 {
    grid-template-columns: repeat(1,1fr);
    max-width: 100vw;
    grid-row-gap: 20px;
  }
}

@media (max-width:860px) {
  .c5 {
    padding: 78px 20px 20px 20px;
  }
}

<div
  className="c0"
>
  <div
    className="c1"
  >
    <div
      className="c2"
    >
      <img
        className="c3"
        src="test-file-stub"
      />
      <div />
      <div
        className="c4"
      >
        <form
          className="ui form"
          onSubmit={[Function]}
        >
          <div
            className="field"
          >
            <div
              className="ui action input"
            >
              <input
                name="title"
                onChange={[Function]}
                placeholder="Search"
                type="text"
              />
              <button
                className="ui icon button"
                onClick={[Function]}
                role="button"
                type="submit"
              >
                <i
                  aria-hidden="true"
                  className="search icon"
                />
              </button>
            </div>
          </div>
        </form>
      </div>
    </div>
  </div>
  <div
    className="c5"
  >
    <div
      className="c6"
    />
    <i
      aria-hidden="true"
      className="grey arrow alternate circle down huge link icon"
      onClick={[Function]}
    />
  </div>
</div>
`;
